[gen_local] device=mps model=RealVisXL_V5.0_fp16.safetensors jobs=10 mode=quality(30step)
Fetching 17 files:   0%|          | 0/17 [00:00<?, ?it/s]Fetching 17 files: 100%|██████████| 17/17 [00:00<00:00, 2194.08it/s]
Loading pipeline components...:   0%|          | 0/7 [00:00<?, ?it/s]Loading pipeline components...:  43%|████▎     | 3/7 [00:00<00:00,  8.03it/s]There are modules in UNet2DConditionModel that should be kept in float32: []. Casting directly with `to()` can lead to inconsistent results; set `torch_dtype` in `from_pretrained()` instead to keep these modules in float32.
Loading pipeline components...:  86%|████████▌ | 6/7 [00:00<00:00, 13.12it/s]There are modules in AutoencoderKL that should be kept in float32: []. Casting directly with `to()` can lead to inconsistent results; set `torch_dtype` in `from_pretrained()` instead to keep these modules in float32.
Loading pipeline components...: 100%|██████████| 7/7 [00:00<00:00, 13.64it/s]
/Users/kimyiseul/Desktop/kim/ssul/sdvenv/lib/python3.12/site-packages/diffusers/pipelines/stable_diffusion_xl/pipeline_stable_diffusion_xl.py:748: FutureWarning: `upcast_vae` is deprecated and will be removed in version 1.0.0. `upcast_vae` is deprecated. Please use `pipe.vae.to(torch.float32)`. For more details, please refer to: https://github.com/huggingface/diffusers/pull/12619#issue-3606633695.
  deprecate(
There are modules in AutoencoderKL that should be kept in float32: []. Casting directly with `to()` can lead to inconsistent results; set `torch_dtype` in `from_pretrained()` instead to keep these modules in float32.
There are modules in AutoencoderKL that should be kept in float32: []. Casting directly with `to()` can lead to inconsistent results; set `torch_dtype` in `from_pretrained()` instead to keep these modules in float32.
[gen_local] 모델 로드 12s
OK [1/10] /Users/kimyiseul/Desktop/kim/ssul/work/review305/img/01.png
[transformers] Token indices sequence length is longer than the specified maximum sequence length for this model (79 > 77). Running this sequence through the model will result in indexing errors
[transformers] Ignoring clean_up_tokenization_spaces=True for BPE tokenizer CLIPTokenizer. The clean_up_tokenization post-processing step is designed for WordPiece tokenizers and is destructive for BPE (it strips spaces before punctuation). Set clean_up_tokenization_spaces=False to suppress this warning, or set clean_up_tokenization_spaces_for_bpe_even_though_it_will_corrupt_output=True to force cleanup anyway.
The following part of your input was truncated because CLIP can only handle sequences up to 77 tokens: ['marks no watermark']
[transformers] Token indices sequence length is longer than the specified maximum sequence length for this model (79 > 77). Running this sequence through the model will result in indexing errors
The following part of your input was truncated because CLIP can only handle sequences up to 77 tokens: ['marks no watermark']
There are modules in AutoencoderKL that should be kept in float32: []. Casting directly with `to()` can lead to inconsistent results; set `torch_dtype` in `from_pretrained()` instead to keep these modules in float32.
There are modules in AutoencoderKL that should be kept in float32: []. Casting directly with `to()` can lead to inconsistent results; set `torch_dtype` in `from_pretrained()` instead to keep these modules in float32.
OK [2/10] /Users/kimyiseul/Desktop/kim/ssul/work/review305/img/02.png
There are modules in AutoencoderKL that should be kept in float32: []. Casting directly with `to()` can lead to inconsistent results; set `torch_dtype` in `from_pretrained()` instead to keep these modules in float32.
There are modules in AutoencoderKL that should be kept in float32: []. Casting directly with `to()` can lead to inconsistent results; set `torch_dtype` in `from_pretrained()` instead to keep these modules in float32.
OK [3/10] /Users/kimyiseul/Desktop/kim/ssul/work/review305/img/03.png
The following part of your input was truncated because CLIP can only handle sequences up to 77 tokens: ['brand marks no watermark']
The following part of your input was truncated because CLIP can only handle sequences up to 77 tokens: ['brand marks no watermark']
There are modules in AutoencoderKL that should be kept in float32: []. Casting directly with `to()` can lead to inconsistent results; set `torch_dtype` in `from_pretrained()` instead to keep these modules in float32.
There are modules in AutoencoderKL that should be kept in float32: []. Casting directly with `to()` can lead to inconsistent results; set `torch_dtype` in `from_pretrained()` instead to keep these modules in float32.
OK [4/10] /Users/kimyiseul/Desktop/kim/ssul/work/review305/img/05.png
The following part of your input was truncated because CLIP can only handle sequences up to 77 tokens: ['brand marks no watermark']
The following part of your input was truncated because CLIP can only handle sequences up to 77 tokens: ['brand marks no watermark']
There are modules in AutoencoderKL that should be kept in float32: []. Casting directly with `to()` can lead to inconsistent results; set `torch_dtype` in `from_pretrained()` instead to keep these modules in float32.
There are modules in AutoencoderKL that should be kept in float32: []. Casting directly with `to()` can lead to inconsistent results; set `torch_dtype` in `from_pretrained()` instead to keep these modules in float32.
OK [5/10] /Users/kimyiseul/Desktop/kim/ssul/work/review305/img/06.png
There are modules in AutoencoderKL that should be kept in float32: []. Casting directly with `to()` can lead to inconsistent results; set `torch_dtype` in `from_pretrained()` instead to keep these modules in float32.
There are modules in AutoencoderKL that should be kept in float32: []. Casting directly with `to()` can lead to inconsistent results; set `torch_dtype` in `from_pretrained()` instead to keep these modules in float32.
OK [6/10] /Users/kimyiseul/Desktop/kim/ssul/work/review305/img/07.png
There are modules in AutoencoderKL that should be kept in float32: []. Casting directly with `to()` can lead to inconsistent results; set `torch_dtype` in `from_pretrained()` instead to keep these modules in float32.
There are modules in AutoencoderKL that should be kept in float32: []. Casting directly with `to()` can lead to inconsistent results; set `torch_dtype` in `from_pretrained()` instead to keep these modules in float32.
OK [7/10] /Users/kimyiseul/Desktop/kim/ssul/work/review305/img/08.png
There are modules in AutoencoderKL that should be kept in float32: []. Casting directly with `to()` can lead to inconsistent results; set `torch_dtype` in `from_pretrained()` instead to keep these modules in float32.
There are modules in AutoencoderKL that should be kept in float32: []. Casting directly with `to()` can lead to inconsistent results; set `torch_dtype` in `from_pretrained()` instead to keep these modules in float32.
OK [8/10] /Users/kimyiseul/Desktop/kim/ssul/work/review305/img/09.png
There are modules in AutoencoderKL that should be kept in float32: []. Casting directly with `to()` can lead to inconsistent results; set `torch_dtype` in `from_pretrained()` instead to keep these modules in float32.
There are modules in AutoencoderKL that should be kept in float32: []. Casting directly with `to()` can lead to inconsistent results; set `torch_dtype` in `from_pretrained()` instead to keep these modules in float32.
OK [9/10] /Users/kimyiseul/Desktop/kim/ssul/work/review305/img/10.png
The following part of your input was truncated because CLIP can only handle sequences up to 77 tokens: ['watermark']
The following part of your input was truncated because CLIP can only handle sequences up to 77 tokens: ['watermark']
There are modules in AutoencoderKL that should be kept in float32: []. Casting directly with `to()` can lead to inconsistent results; set `torch_dtype` in `from_pretrained()` instead to keep these modules in float32.
There are modules in AutoencoderKL that should be kept in float32: []. Casting directly with `to()` can lead to inconsistent results; set `torch_dtype` in `from_pretrained()` instead to keep these modules in float32.
OK [10/10] /Users/kimyiseul/Desktop/kim/ssul/work/review305/img/12.png
=== done OK=10 FAIL=0 in 945s ===
